warning: tracea@0.1.0: CUDA (nvcc) not found. Skipping template compilation.
warning: unused import: `crate::backend::cuda::CudaBackend`
 --> src\kernels\attention\cuda_emitter.rs:2:5
  |
2 | use crate::backend::cuda::CudaBackend;
  |     ^^^^^^^^^^^^^^^^^^^^^^^^^^^^^^^^^
  |
  = note: `#[warn(unused_imports)]` (part of `#[warn(unused)]`) on by default

warning: unused import: `ParameterRange`
 --> src\kernels\attention\cuda_adapter.rs:1:55
  |
1 | ...Space, ParameterRange};
  |           ^^^^^^^^^^^^^^

warning: unused import: `QuantizationMode`
 --> src\kernels\attention\cuda_adapter.rs:2:80
  |
2 | ...tion, QuantizationMode};
  |          ^^^^^^^^^^^^^^^^

warning: unused import: `SpecializedInstruction`
 --> src\kernels\attention\rocm_adapter.rs:2:56
  |
2 | ...e, SpecializedInstruction};
  |       ^^^^^^^^^^^^^^^^^^^^^^

warning: unused import: `crate::emitter::rocm::ROCMEmitter`
 --> src\kernels\attention\rocm_adapter.rs:3:5
  |
3 | use crate::emitter::rocm::ROCMEmitter;
  |     ^^^^^^^^^^^^^^^^^^^^^^^^^^^^^^^^^

warning: unused import: `KernelArg`
 --> src\kernels\attention\rocm_adapter.rs:4:62
  |
4 | ...eBackend, KernelArg};
  |              ^^^^^^^^^

warning: unused imports: `SpecializedInstruction` and `SwizzleMode`
 --> src\kernels\attention\metal_adapter.rs:2:43
  |
2 | ...g, SwizzleMode, SpecializedInstruction};
  |       ^^^^^^^^^^^  ^^^^^^^^^^^^^^^^^^^^^^

warning: unused import: `crate::emitter::metal::MetalEmitter`
 --> src\kernels\attention\metal_adapter.rs:3:5
  |
3 | use crate::emitter::metal::MetalEmitter;
  |     ^^^^^^^^^^^^^^^^^^^^^^^^^^^^^^^^^^^

warning: unused import: `KernelArg`
 --> src\kernels\attention\metal_adapter.rs:4:62
  |
4 | ...eBackend, KernelArg};
  |              ^^^^^^^^^

warning: unused import: `wide::*`
 --> src\kernels\cpu\gemm.rs:2:5
  |
2 | use wide::*;
  |     ^^^^^^^

warning: unused import: `std::convert::TryInto`
 --> src\kernels\cpu\gemm.rs:3:5
  |
3 | use std::convert::TryInto;
  |     ^^^^^^^^^^^^^^^^^^^^^

warning: unused imports: `DeviceBackend` and `KernelArg`
 --> src\kernels\gpu\gpu_dispatch.rs:2:31
  |
2 | ...::{DeviceBackend, KernelArg};
  |       ^^^^^^^^^^^^^  ^^^^^^^^^

warning: unused import: `std::collections::HashSet`
 --> src\semantic\mapping.rs:1:5
  |
1 | use std::collections::HashSet;
  |     ^^^^^^^^^^^^^^^^^^^^^^^^^

warning: unused imports: `UnifiedOpIR` and `UnifiedOpType`
 --> src\emitter\jit.rs:4:39
  |
4 | ...r, UnifiedOpIR, UnifiedOpType};
  |       ^^^^^^^^^^^  ^^^^^^^^^^^^^

warning: unused import: `LayoutPolicy`
 --> src\emitter\cuda.rs:3:43
  |
3 | ...Config, LayoutPolicy};
  |            ^^^^^^^^^^^^

warning: unused import: `Ptx`
 --> src\runtime\manager.rs:5:37
  |
5 | ...pileOptions, Ptx};
  |                 ^^^

warning: unused import: `CString`
 --> src\runtime\manager.rs:6:24
  |
6 | use std::ffi::{c_void, CString};
  |                        ^^^^^^^

warning: unused imports: `AssemblerResultInfo`, `BackendKind`, `JitResultInfo`, `KernelLaunchInfo`, and `ModuleLoadInfo`
  --> src\runtime\manager.rs:11:21
   |
11 | ...::{BackendKind, JitResultInfo, AssemblerResultInfo, KernelLaunchInfo, ModuleLoadInfo};
   |       ^^^^^^^^^^^  ^^^^^^^^^^^^^  ^^^^^^^^^^^^^^^^^^^  ^^^^^^^^^^^^^^^^  ^^^^^^^^^^^^^^

warning: unused import: `cudarc::driver::CudaDevice`
 --> src\optimizer\mod.rs:3:5
  |
3 | use cudarc::driver::CudaDevice;
  |     ^^^^^^^^^^^^^^^^^^^^^^^^^^

warning: unused import: `Node`
 --> src\optimizer\semantic.rs:1:33
  |
1 | ...ph::{Graph, Node, Operation};
  |                ^^^^

warning: unused imports: `EpilogueOp` and `FusedGemmOp`
 --> src\optimizer\semantic.rs:2:23
  |
2 | ...::{FusedGemmOp, EpilogueOp};
  |       ^^^^^^^^^^^  ^^^^^^^^^^

warning: unused import: `Conv2dProblem`
   --> src\optimizer\mod.rs:218:92
    |
218 | ...onfig, Conv2dProblem};
    |           ^^^^^^^^^^^^^

warning: unused imports: `Deserialize` and `Serialize`
 --> src\doctor\mod.rs:1:13
  |
1 | ...::{Serialize, Deserialize};
  |       ^^^^^^^^^  ^^^^^^^^^^^

warning: unused import: `Path`
 --> src\doctor\diagnosis.rs:1:17
  |
1 | use std::path::{Path, PathBuf};
  |                 ^^^^

warning: unused import: `DiagnosticStrategy`
 --> src\doctor\diagnosis.rs:9:47
  |
9 | ...egy, DiagnosticStrategy};
  |         ^^^^^^^^^^^^^^^^^^

warning: unused variable: `d_over_16`
  --> src\kernels\attention\cuda_emitter.rs:45:13
   |
45 |         let d_over_16 = d / 16;
   |             ^^^^^^^^^ help: if this is intentional, prefix it with an underscore: `_d_over_16`
   |
   = note: `#[warn(unused_variables)]` (part of `#[warn(unused)]`) on by default

warning: unused variable: `cfg`
  --> src\kernels\attention\rocm_adapter.rs:72:25
   |
72 | ...k(&self, cfg: &Self::Config)...
   |             ^^^ help: if this is intentional, prefix it with an underscore: `_cfg`

warning: unused variable: `bytes`
  --> src\kernels\attention\metal_adapter.rs:29:13
   |
29 |         let bytes = problem.b *...
   |             ^^^^^ help: if this is intentional, prefix it with an underscore: `_bytes`

warning: unused variable: `a_ptr`
   --> src\kernels\gemm\cuda_gemm.rs:121:13
    |
121 |         let a_ptr = self.runti...
    |             ^^^^^ help: if this is intentional, prefix it with an underscore: `_a_ptr`

warning: unused variable: `b_ptr`
   --> src\kernels\gemm\cuda_gemm.rs:122:13
    |
122 |         let b_ptr = self.runti...
    |             ^^^^^ help: if this is intentional, prefix it with an underscore: `_b_ptr`

warning: unused variable: `c_ptr`
   --> src\kernels\gemm\cuda_gemm.rs:123:13
    |
123 |         let c_ptr = self.runti...
    |             ^^^^^ help: if this is intentional, prefix it with an underscore: `_c_ptr`

warning: unused variable: `block_threads`
   --> src\kernels\gemm\metal_gemm.rs:121:13
    |
121 |         let block_threads = 128;
    |             ^^^^^^^^^^^^^ help: if this is intentional, prefix it with an underscore: `_block_threads`

warning: variable does not need to be mutable
  --> src\kernels\gemm\cpu_adapter.rs:63:21
   |
63 | ...     let mut cfg = CpuGemmCo...
   |             ----^^^
   |             |
   |             help: remove this `mut`
   |
   = note: `#[warn(unused_mut)]` (part of `#[warn(unused)]`) on by default

warning: unused variable: `row`
  --> src\semantic\mapping.rs:20:28
   |
20 | ...r(&self, row: u32, col: u32)...
   |             ^^^ help: if this is intentional, prefix it with an underscore: `_row`

warning: unused variable: `col`
  --> src\semantic\mapping.rs:20:38
   |
20 | ...ow: u32, col: u32) -> String {
   |             ^^^ help: if this is intentional, prefix it with an underscore: `_col`

warning: unused variable: `b_smem_offset`
  --> src\emitter\cuda.rs:36:13
   |
36 | ... let b_smem_offset = (a_smem...
   |         ^^^^^^^^^^^^^ help: if this is intentional, prefix it with an underscore: `_b_smem_offset`

warning: unused variable: `m`
   --> src\emitter\cuda.rs:368:41
    |
368 | ...trixCore { m, n, k } => {
    |               ^ help: try ignoring the field: `m: _`

warning: unused variable: `n`
   --> src\emitter\cuda.rs:368:44
    |
368 | ...xCore { m, n, k } => {
    |               ^ help: try ignoring the field: `n: _`

warning: unused variable: `k`
   --> src\emitter\cuda.rs:368:47
    |
368 | ...re { m, n, k } => {
    |               ^ help: try ignoring the field: `k: _`

warning: unused variable: `k_out`
  --> src\emitter\metal.rs:98:76
   |
98 | ...c_in, k: k_out, r, s, stride...
   |             ^^^^^ help: if this is intentional, prefix it with an underscore: `_k_out`

warning: unused variable: `k_gemm`
   --> src\emitter\metal.rs:103:13
    |
103 |         let k_gemm = c_in * r ...
    |             ^^^^^^ help: if this is intentional, prefix it with an underscore: `_k_gemm`

warning: unused variable: `n`
 --> src\emitter\elementwise.rs:5:19
  |
5 | ... (op_type, n) = match &ir.op_...
  |               ^ help: if this is intentional, prefix it with an underscore: `_n`

warning: unused variable: `n_gemm`
  --> src\emitter\conv.rs:25:13
   |
25 |         let n_gemm = k_out;
   |             ^^^^^^ help: if this is intentional, prefix it with an underscore: `_n_gemm`

warning: unused variable: `hw_magic`
  --> src\emitter\conv.rs:45:14
   |
45 | ...  let (hw_magic, hw_shift) =...
   |           ^^^^^^^^ help: if this is intentional, prefix it with an underscore: `_hw_magic`

warning: unused variable: `hw_shift`
  --> src\emitter\conv.rs:45:24
   |
45 | ...magic, hw_shift) = magic_u32...
   |           ^^^^^^^^ help: if this is intentional, prefix it with an underscore: `_hw_shift`

warning: unused variable: `w_magic`
  --> src\emitter\conv.rs:46:14
   |
46 | ...    let (w_magic, w_shift) =...
   |             ^^^^^^^ help: if this is intentional, prefix it with an underscore: `_w_magic`

warning: unused variable: `w_shift`
  --> src\emitter\conv.rs:46:23
   |
46 | ...w_magic, w_shift) = magic_u3...
   |             ^^^^^^^ help: if this is intentional, prefix it with an underscore: `_w_shift`

warning: unused variable: `sic_magic`
  --> src\emitter\conv.rs:47:14
   |
47 | ...  let (sic_magic, sic_shift)...
   |           ^^^^^^^^^ help: if this is intentional, prefix it with an underscore: `_sic_magic`

warning: unused variable: `sic_shift`
  --> src\emitter\conv.rs:47:25
   |
47 | ...magic, sic_shift) = magic_u3...
   |           ^^^^^^^^^ help: if this is intentional, prefix it with an underscore: `_sic_shift`

warning: unused variable: `c_magic`
  --> src\emitter\conv.rs:48:14
   |
48 | ...    let (c_magic, c_shift) =...
   |             ^^^^^^^ help: if this is intentional, prefix it with an underscore: `_c_magic`

warning: unused variable: `c_shift`
  --> src\emitter\conv.rs:48:23
   |
48 | ...c_magic, c_shift) = magic_u3...
   |             ^^^^^^^ help: if this is intentional, prefix it with an underscore: `_c_shift`

warning: unused variable: `use_ampere`
  --> src\emitter\conv.rs:54:13
   |
54 | ...   let use_ampere = (c_in % ...
   |           ^^^^^^^^^^ help: if this is intentional, prefix it with an underscore: `_use_ampere`

warning: unused variable: `m`
 --> src\emitter\gemm.rs:5:34
  |
5 | ...pe::Gemm { m, n, k } = ir.op_...
  |               ^ help: try ignoring the field: `m: _`

warning: unused variable: `n`
 --> src\emitter\gemm.rs:5:37
  |
5 | ...:Gemm { m, n, k } = ir.op_type {
  |               ^ help: try ignoring the field: `n: _`

warning: unused variable: `k`
 --> src\emitter\gemm.rs:5:40
  |
5 | ...mm { m, n, k } = ir.op_type {
  |               ^ help: try ignoring the field: `k: _`

warning: unused variable: `b`
 --> src\emitter\attention.rs:5:44
  |
5 | ...ttention { b, s, d, h, dh, ca...
  |               ^ help: try ignoring the field: `b: _`

warning: unused variable: `s`
 --> src\emitter\attention.rs:5:47
  |
5 | ...ntion { b, s, d, h, dh, causa...
  |               ^ help: try ignoring the field: `s: _`

warning: unused variable: `d`
 --> src\emitter\attention.rs:5:50
  |
5 | ...on { b, s, d, h, dh, causal }...
  |               ^ help: try ignoring the field: `d: _`

warning: unused variable: `h`
 --> src\emitter\attention.rs:5:53
  |
5 | ...{ b, s, d, h, dh, causal } = ...
  |               ^ help: try ignoring the field: `h: _`

warning: unused variable: `dh`
 --> src\emitter\attention.rs:5:56
  |
5 | ..., s, d, h, dh, causal } = ir....
  |               ^^ help: try ignoring the field: `dh: _`

warning: unused variable: `causal`
 --> src\emitter\attention.rs:5:60
  |
5 | ..., h, dh, causal } = ir.op_type {
  |             ^^^^^^ help: try ignoring the field: `causal: _`

warning: unused variable: `pref_backend`
   --> src\runtime\manager.rs:213:17
    |
213 | ...init(pref_backend: Option<D...
    |         ^^^^^^^^^^^^ help: if this is intentional, prefix it with an underscore: `_pref_backend`

warning: variable does not need to be mutable
   --> src\runtime\manager.rs:338:21
    |
338 | ...   let mut opts = CompileOp...
    |           ----^^^^
    |           |
    |           help: remove this `mut`

warning: unused variable: `res_attr`
   --> src\runtime\manager.rs:407:25
    |
407 | ...   let res_attr = lib.cuFun...
    |           ^^^^^^^^ help: if this is intentional, prefix it with an underscore: `_res_attr`

warning: unreachable pattern
   --> src\runtime\manager.rs:577:13
    |
577 |             _ => return Err("U...
    |             ^ no value can reach this
    |
note: multiple earlier patterns match some of the same values
   --> src\runtime\manager.rs:577:13
    |
497 | ...   KernelHandle::Cuda { func, .. } => {
    |       ------------------------------- matches some of the same values
...
534 | ...   KernelHandle::Rocm { func, .. } => {
    |       ------------------------------- matches some of the same values
...
577 | ...   _ => return Err("Unsupported backe...
    |       ^ collectively making this unreachable
    = note: `#[warn(unreachable_patterns)]` (part of `#[warn(unused)]`) on by default

warning: unused variable: `nt`
   --> src\optimizer\benchmark.rs:911:13
    |
911 |         let nt = config.n_tile...
    |             ^^ help: if this is intentional, prefix it with an underscore: `_nt`

warning: unreachable pattern
   --> src\optimizer\policy.rs:175:13
    |
175 |             _ => {}
    |             ^ no value can reach this
    |
note: multiple earlier patterns match some of the same values
   --> src\optimizer\policy.rs:175:13
    |
138 |             Layout::NHWC => {
    |             ------------ matches some of the same values
...
163 |             Layout::NCHW => {
    |             ------------ matches some of the same values
...
175 |             _ => {}
    |             ^ collectively making this unreachable

warning: unused variable: `ctx`
   --> src\optimizer\policy.rs:207:29
    |
207 | ...n(&self, ctx: &TuningContex...
    |             ^^^ help: if this is intentional, prefix it with an underscore: `_ctx`

warning: unused variable: `ctx`
   --> src\optimizer\policy.rs:293:29
    |
293 | ...n(&self, ctx: &TuningContex...
    |             ^^^ help: if this is intentional, prefix it with an underscore: `_ctx`

warning: unused variable: `ctx`
   --> src\optimizer\policy.rs:406:29
    |
406 | ...n(&self, ctx: &TuningContex...
    |             ^^^ help: if this is intentional, prefix it with an underscore: `_ctx`

warning: unused variable: `graph`
  --> src\optimizer\semantic.rs:12:26
   |
12 | ...s(&self, graph: &mut Graph) {
   |             ^^^^^ help: if this is intentional, prefix it with an underscore: `_graph`

warning: unused variable: `n`
  --> src\optimizer\semantic.rs:24:43
   |
24 | ...e(m), Some(n), Some(k)) = (g...
   |               ^ help: if this is intentional, prefix it with an underscore: `_n`

warning: unused variable: `k`
  --> src\optimizer\semantic.rs:24:52
   |
24 | ...e(n), Some(k)) = (gemm.m.as_...
   |               ^ help: if this is intentional, prefix it with an underscore: `_k`

warning: unused variable: `init`
   --> src\optimizer\mod.rs:605:18
    |
605 | ...     let init = PipelineCon...
    |             ^^^^ help: if this is intentional, prefix it with an underscore: `_init`

warning: unused variable: `mse`
  --> src\doctor\visualizer.rs:63:40
   |
63 | ...ae: f32, mse: f32) -> String {
   |             ^^^ help: if this is intentional, prefix it with an underscore: `_mse`

warning: fields `q_buf`, `k_buf`, `v_buf`, and `o_buf` are never read
  --> src\kernels\attention\rocm_adapter.rs:21:5
   |
17 | pub struct RocmFa2Adapter {
   |            -------------- fields in this struct
...
21 |     q_buf: crate::runtime::mana...
   |     ^^^^^
22 |     k_buf: crate::runtime::mana...
   |     ^^^^^
23 |     v_buf: crate::runtime::mana...
   |     ^^^^^
24 |     o_buf: crate::runtime::mana...
   |     ^^^^^
   |
   = note: `#[warn(dead_code)]` (part of `#[warn(unused)]`) on by default

warning: fields `q_buf`, `k_buf`, `v_buf`, and `o_buf` are never read
  --> src\kernels\attention\metal_adapter.rs:21:5
   |
17 | pub struct MetalFa2Adapter {
   |            --------------- fields in this struct
...
21 |     q_buf: crate::runtime::mana...
   |     ^^^^^
22 |     k_buf: crate::runtime::mana...
   |     ^^^^^
23 |     v_buf: crate::runtime::mana...
   |     ^^^^^
24 |     o_buf: crate::runtime::mana...
   |     ^^^^^

warning: enum `SwizzleMode` is never used
 --> src\semantic\swizzle.rs:4:10
  |
4 | pub enum SwizzleMode {
  |          ^^^^^^^^^^^

warning: struct `BankConflictSimulator` is never constructed
  --> src\semantic\swizzle.rs:11:12
   |
11 | pub struct BankConflictSimulator {
   |            ^^^^^^^^^^^^^^^^^^^^^

warning: associated items `new` and `has_conflicts` are never used
  --> src\semantic\swizzle.rs:17:12
   |
16 | impl BankConflictSimulator {
   | -------------------------- associated items in this implementation
17 |     pub fn new(num_banks: u32, ...
   |            ^^^
...
22 |     pub fn has_conflicts(&self,...
   |            ^^^^^^^^^^^^^

warning: struct `OptimizedTileConfig` is never constructed
 --> src\optimized\config.rs:2:12
  |
2 | pub struct OptimizedTileConfig;
  |            ^^^^^^^^^^^^^^^^^^^

warning: method `backend_copy` is never used
   --> src\runtime\manager.rs:941:8
    |
940 | impl RecordedKernel {
    | ------------------- method in this implementation
941 |     fn backend_copy(&self) -> ...
    |        ^^^^^^^^^^^^

warning: field `problem` is never read
   --> src\optimizer\policy.rs:419:5
    |
418 | pub struct CpuGemmPolicy {
    |            ------------- field in this struct
419 |     problem: ProblemDescriptor,
    |     ^^^^^^^

warning: field `runtime` is never read
  --> src\optimizer\orchestrator.rs:10:5
   |
 9 | pub struct CrossBackendTuner {
   |            ----------------- field in this struct
10 |     runtime: Arc<RuntimeManager>,
   |     ^^^^^^^

warning: variable `sQ_bytes` should have a snake case name
  --> src\kernels\attention\cuda_emitter.rs:22:13
   |
22 | ...   let sQ_bytes = (mt as usi...
   |           ^^^^^^^^ help: convert the identifier to snake case: `s_q_bytes`
   |
   = note: `#[warn(non_snake_case)]` (part of `#[warn(nonstandard_style)]`) on by default

warning: variable `sK_bytes` should have a snake case name
  --> src\kernels\attention\cuda_emitter.rs:26:13
   |
26 | ...   let sK_bytes = (stages as...
   |           ^^^^^^^^ help: convert the identifier to snake case: `s_k_bytes`

warning: variable `sV_bytes` should have a snake case name
  --> src\kernels\attention\cuda_emitter.rs:30:13
   |
30 | ...   let sV_bytes = (v_offset ...
   |           ^^^^^^^^ help: convert the identifier to snake case: `s_v_bytes`

warning: variable `sO_float_bytes` should have a snake case name
  --> src\kernels\attention\cuda_emitter.rs:34:13
   |
34 | ... let sO_float_bytes = (mt as...
   |         ^^^^^^^^^^^^^^ help: convert the identifier to snake case: `s_o_float_bytes`

warning: structure field `hipGetDeviceCount` should have a snake case name
  --> src\emitter\rocm_driver.rs:32:9
   |
32 |     pub hipGetDeviceCount: Symb...
   |         ^^^^^^^^^^^^^^^^^ help: convert the identifier to snake case: `hip_get_device_count`

warning: structure field `hipDeviceGetAttribute` should have a snake case name
  --> src\emitter\rocm_driver.rs:33:9
   |
33 | ...ub hipDeviceGetAttribute: Sy...
   |       ^^^^^^^^^^^^^^^^^^^^^ help: convert the identifier to snake case: `hip_device_get_attribute`

warning: structure field `hipGetDeviceProperties` should have a snake case name
  --> src\emitter\rocm_driver.rs:34:9
   |
34 | ...ub hipGetDeviceProperties: S...
   |       ^^^^^^^^^^^^^^^^^^^^^^ help: convert the identifier to snake case: `hip_get_device_properties`

warning: structure field `hipMalloc` should have a snake case name
  --> src\emitter\rocm_driver.rs:35:9
   |
35 |     pub hipMalloc: Symbol<'stat...
   |         ^^^^^^^^^ help: convert the identifier to snake case: `hip_malloc`

warning: structure field `hipFree` should have a snake case name
  --> src\emitter\rocm_driver.rs:36:9
   |
36 |     pub hipFree: Symbol<'static...
   |         ^^^^^^^ help: convert the identifier to snake case: `hip_free`

warning: structure field `hipMemcpyHtoD` should have a snake case name
  --> src\emitter\rocm_driver.rs:37:9
   |
37 |     pub hipMemcpyHtoD: Symbol<'...
   |         ^^^^^^^^^^^^^ help: convert the identifier to snake case: `hip_memcpy_hto_d`

warning: structure field `hipMemcpyDtoD` should have a snake case name
  --> src\emitter\rocm_driver.rs:38:9
   |
38 |     pub hipMemcpyDtoD: Symbol<'...
   |         ^^^^^^^^^^^^^ help: convert the identifier to snake case: `hip_memcpy_dto_d`

warning: structure field `hipModuleLoadData` should have a snake case name
  --> src\emitter\rocm_driver.rs:39:9
   |
39 |     pub hipModuleLoadData: Symb...
   |         ^^^^^^^^^^^^^^^^^ help: convert the identifier to snake case: `hip_module_load_data`

warning: structure field `hipModuleGetFunction` should have a snake case name
  --> src\emitter\rocm_driver.rs:40:9
   |
40 | ...ub hipModuleGetFunction: Sym...
   |       ^^^^^^^^^^^^^^^^^^^^ help: convert the identifier to snake case: `hip_module_get_function`

warning: structure field `hipModuleLaunchKernel` should have a snake case name
  --> src\emitter\rocm_driver.rs:41:9
   |
41 | ...ub hipModuleLaunchKernel: Sy...
   |       ^^^^^^^^^^^^^^^^^^^^^ help: convert the identifier to snake case: `hip_module_launch_kernel`

warning: structure field `hipDeviceSynchronize` should have a snake case name
  --> src\emitter\rocm_driver.rs:42:9
   |
42 | ...ub hipDeviceSynchronize: Sym...
   |       ^^^^^^^^^^^^^^^^^^^^ help: convert the identifier to snake case: `hip_device_synchronize`

warning: structure field `hipModuleUnload` should have a snake case name
  --> src\emitter\rocm_driver.rs:43:9
   |
43 |     pub hipModuleUnload: Symbol...
   |         ^^^^^^^^^^^^^^^ help: convert the identifier to snake case: `hip_module_unload`

warning: creating a shared reference to mutable static
  --> src\emitter\rocm_driver.rs:51:16
   |
51 | ...if ROCM_DRIVER_API.is_some() {
   |       ^^^^^^^^^^^^^^^^^^^^^^^^^ shared reference to mutable static
   |
   = note: for more information, see <https://doc.rust-lang.org/edition-guide/rust-2024/static-mut-references.html>
   = note: shared references to mutable statics are dangerous; it's undefined behavior if the static is mutated or if a mutable reference is created for it while the shared reference lives
   = note: `#[warn(static_mut_refs)]` (part of `#[warn(rust_2024_compatibility)]`) on by default

warning: creating a shared reference to mutable static
  --> src\emitter\rocm_driver.rs:52:24
   |
52 | ...rn ROCM_DRIVER_API.as_ref();
   |       ^^^^^^^^^^^^^^^^^^^^^^^^ shared reference to mutable static
   |
   = note: for more information, see <https://doc.rust-lang.org/edition-guide/rust-2024/static-mut-references.html>
   = note: shared references to mutable statics are dangerous; it's undefined behavior if the static is mutated or if a mutable reference is created for it while the shared reference lives

warning: creating a shared reference to mutable static
  --> src\emitter\rocm_driver.rs:89:28
   |
89 | ...rn ROCM_DRIVER_API.as_ref();
   |       ^^^^^^^^^^^^^^^^^^^^^^^^ shared reference to mutable static
   |
   = note: for more information, see <https://doc.rust-lang.org/edition-guide/rust-2024/static-mut-references.html>
   = note: shared references to mutable statics are dangerous; it's undefined behavior if the static is mutated or if a mutable reference is created for it while the shared reference lives

warning: structure field `hiprtcCreateProgram` should have a snake case name
  --> src\emitter\rocm_jit.rs:19:9
   |
19 | ...ub hiprtcCreateProgram: Symb...
   |       ^^^^^^^^^^^^^^^^^^^ help: convert the identifier to snake case: `hiprtc_create_program`

warning: structure field `hiprtcCompileProgram` should have a snake case name
  --> src\emitter\rocm_jit.rs:20:9
   |
20 | ...ub hiprtcCompileProgram: Sym...
   |       ^^^^^^^^^^^^^^^^^^^^ help: convert the identifier to snake case: `hiprtc_compile_program`

warning: structure field `hiprtcGetCodeSize` should have a snake case name
  --> src\emitter\rocm_jit.rs:21:9
   |
21 |     pub hiprtcGetCodeSize: Symb...
   |         ^^^^^^^^^^^^^^^^^ help: convert the identifier to snake case: `hiprtc_get_code_size`

warning: structure field `hiprtcGetCode` should have a snake case name
  --> src\emitter\rocm_jit.rs:22:9
   |
22 |     pub hiprtcGetCode: Symbol<'...
   |         ^^^^^^^^^^^^^ help: convert the identifier to snake case: `hiprtc_get_code`

warning: structure field `hiprtcDestroyProgram` should have a snake case name
  --> src\emitter\rocm_jit.rs:23:9
   |
23 | ...ub hiprtcDestroyProgram: Sym...
   |       ^^^^^^^^^^^^^^^^^^^^ help: convert the identifier to snake case: `hiprtc_destroy_program`

warning: creating a shared reference to mutable static
  --> src\emitter\rocm_jit.rs:31:16
   |
31 | ...if ROCM_JIT_API.is_some() {
   |       ^^^^^^^^^^^^^^^^^^^^^^ shared reference to mutable static
   |
   = note: for more information, see <https://doc.rust-lang.org/edition-guide/rust-2024/static-mut-references.html>
   = note: shared references to mutable statics are dangerous; it's undefined behavior if the static is mutated or if a mutable reference is created for it while the shared reference lives

warning: creating a shared reference to mutable static
  --> src\emitter\rocm_jit.rs:32:24
   |
32 | ...rn ROCM_JIT_API.as_ref();
   |       ^^^^^^^^^^^^^^^^^^^^^ shared reference to mutable static
   |
   = note: for more information, see <https://doc.rust-lang.org/edition-guide/rust-2024/static-mut-references.html>
   = note: shared references to mutable statics are dangerous; it's undefined behavior if the static is mutated or if a mutable reference is created for it while the shared reference lives

warning: creating a shared reference to mutable static
  --> src\emitter\rocm_jit.rs:54:28
   |
54 | ...rn ROCM_JIT_API.as_ref();
   |       ^^^^^^^^^^^^^^^^^^^^^ shared reference to mutable static
   |
   = note: for more information, see <https://doc.rust-lang.org/edition-guide/rust-2024/static-mut-references.html>
   = note: shared references to mutable statics are dangerous; it's undefined behavior if the static is mutated or if a mutable reference is created for it while the shared reference lives

warning: creating a shared reference to mutable static
  --> src\emitter\driver.rs:68:15
   |
68 |         match &DRIVER_API {
   |               ^^^^^^^^^^^ shared reference to mutable static
   |
   = note: for more information, see <https://doc.rust-lang.org/edition-guide/rust-2024/static-mut-references.html>
   = note: shared references to mutable statics are dangerous; it's undefined behavior if the static is mutated or if a mutable reference is created for it while the shared reference lives
help: use `&raw const` instead to create a raw pointer
   |
68 |         match &raw const DRIVER_API {
   |                +++++++++

warning: `tracea` (lib) generated 112 warnings (run `cargo fix --lib -p tracea` to apply 72 suggestions)
   Compiling tracea v0.1.0 (E:\Projects\Tracea)
warning: unused import: `HardwareProfile`
 --> src\bin\tuner.rs:6:54
  |
6 | use tracea::optimizer::{AutoTuner, OptimizationGoal, HardwareProfile};
  |                                                      ^^^^^^^^^^^^^^^
  |
  = note: `#[warn(unused_imports)]` (part of `#[warn(unused)]`) on by default

warning: unused variable: `best_config`
  --> src\bin\tuner.rs:59:9
   |
59 |     let best_config = tuner.optimize(
   |         ^^^^^^^^^^^ help: if this is intentional, prefix it with an underscore: `_best_config`
   |
   = note: `#[warn(unused_variables)]` (part of `#[warn(unused)]`) on by default

warning: `tracea` (bin "tuner") generated 2 warnings (run `cargo fix --bin "tuner" -p tracea` to apply 2 suggestions)
    Finished `dev` profile [unoptimized + debuginfo] target(s) in 1.34s
