cargo : warning: tracea@0.1.0: CUDA (nvcc) no
t found. Skipping template compilation.
発生場所 行:1 文字:1
+ cargo test --test policy_tests --no-default
-features > test_output.tx ...
+ ~~~~~~~~~~~~~~~~~~~~~~~~~~~~~~~~~~~~~~~~~~~
~~~~~~~~~~~~~~~~~~~~~~~~~~
    + CategoryInfo          : NotSpecified:  
   (warning: tracea...te compilation.:Strin  
  g) [], RemoteException
    + FullyQualifiedErrorId : NativeCommandE 
   rror
 
warning: unused import: `crate::backend::cuda
::CudaBackend`
 --> src\kernels\attention\cuda_emitter.rs:2:
5
  |
2 | use crate::backend::cuda::CudaBackend;
  |     ^^^^^^^^^^^^^^^^^^^^^^^^^^^^^^^^^
  |
  = note: `#[warn(unused_imports)]` (part of 
`#[warn(unused)]`) on by default

warning: unused import: `ParameterRange`
 --> src\kernels\attention\cuda_adapter.rs:1:
55
  |
1 | ...rchSpace, ParameterRange};
  |              ^^^^^^^^^^^^^^

warning: unused import: `QuantizationMode`
 --> src\kernels\attention\cuda_adapter.rs:2:
80
  |
2 | ...ruction, QuantizationMode};
  |             ^^^^^^^^^^^^^^^^

warning: unused import: `SpecializedInstructi
on`
 --> src\kernels\attention\rocm_adapter.rs:2:
56
  |
2 | ...Mode, SpecializedInstruction};
  |          ^^^^^^^^^^^^^^^^^^^^^^

warning: unused import: `crate::emitter::rocm
::ROCMEmitter`
 --> src\kernels\attention\rocm_adapter.rs:3:
5
  |
3 | use crate::emitter::rocm::ROCMEmitter;
  |     ^^^^^^^^^^^^^^^^^^^^^^^^^^^^^^^^^

warning: unused import: `KernelArg`
 --> src\kernels\attention\rocm_adapter.rs:4:
62
  |
4 | ...viceBackend, KernelArg};
  |                 ^^^^^^^^^

warning: unused imports: `SpecializedInstruct
ion` and `SwizzleMode`
 --> src\kernels\attention\metal_adapter.rs:2
:43
  |
2 | ...g, SwizzleMode, SpecializedInstruction
};
  |       ^^^^^^^^^^^  ^^^^^^^^^^^^^^^^^^^^^^

warning: unused import: `crate::emitter::meta
l::MetalEmitter`
 --> src\kernels\attention\metal_adapter.rs:3
:5
  |
3 | use crate::emitter::metal::MetalEmitter;
  |     ^^^^^^^^^^^^^^^^^^^^^^^^^^^^^^^^^^^

warning: unused import: `KernelArg`
 --> src\kernels\attention\metal_adapter.rs:4
:62
  |
4 | ...viceBackend, KernelArg};
  |                 ^^^^^^^^^

warning: unused import: `wide::*`
 --> src\kernels\cpu\gemm.rs:2:5
  |
2 | use wide::*;
  |     ^^^^^^^

warning: unused import: `std::convert::TryInt
o`
 --> src\kernels\cpu\gemm.rs:3:5
  |
3 | use std::convert::TryInto;
  |     ^^^^^^^^^^^^^^^^^^^^^

warning: unused imports: `DeviceBackend` and 
`KernelArg`
 --> src\kernels\gpu\gpu_dispatch.rs:2:31
  |
2 | ...er::{DeviceBackend, KernelArg};
  |         ^^^^^^^^^^^^^  ^^^^^^^^^

warning: unused import: `std::collections::Ha
shSet`
 --> src\semantic\mapping.rs:1:5
  |
1 | use std::collections::HashSet;
  |     ^^^^^^^^^^^^^^^^^^^^^^^^^

warning: unused imports: `UnifiedOpIR` and `U
nifiedOpType`
 --> src\emitter\jit.rs:4:39
  |
4 | ...er, UnifiedOpIR, UnifiedOpType};
  |        ^^^^^^^^^^^  ^^^^^^^^^^^^^

warning: unused import: `LayoutPolicy`
 --> src\emitter\cuda.rs:3:43
  |
3 | ...ineConfig, LayoutPolicy};
  |               ^^^^^^^^^^^^

warning: unused import: `Ptx`
 --> src\runtime\manager.rs:5:37
  |
5 | use cudarc::nvrtc::{CompileOptions, Ptx};
  |                                     ^^^

warning: unused import: `CString`
 --> src\runtime\manager.rs:6:24
  |
6 | use std::ffi::{c_void, CString};
  |                        ^^^^^^^

warning: unused imports: `AssemblerResultInfo
`, `BackendKind`, `JitResultInfo`, `KernelLau
nchInfo`, and `ModuleLoadInfo`
  --> src\runtime\manager.rs:11:21
   |
11 | ...::{BackendKind, JitResultInfo, Assemb
lerResultInfo, KernelLaunchInfo, ModuleLoadIn
fo};
   |       ^^^^^^^^^^^  ^^^^^^^^^^^^^  ^^^^^^
^^^^^^^^^^^^^  ^^^^^^^^^^^^^^^^  ^^^^^^^^^^^^
^^

warning: unused import: `cudarc::driver::Cuda
Device`
 --> src\optimizer\mod.rs:3:5
  |
3 | use cudarc::driver::CudaDevice;
  |     ^^^^^^^^^^^^^^^^^^^^^^^^^^

warning: unused import: `Node`
 --> src\optimizer\semantic.rs:1:33
  |
1 | ...graph::{Graph, Node, Operation};
  |                   ^^^^

warning: unused imports: `EpilogueOp` and `Fu
sedGemmOp`
 --> src\optimizer\semantic.rs:2:23
  |
2 | ...:op::{FusedGemmOp, EpilogueOp};
  |          ^^^^^^^^^^^  ^^^^^^^^^^

warning: unused import: `Conv2dProblem`
   --> src\optimizer\mod.rs:218:92
    |
218 | ...nvConfig, Conv2dProblem};
    |              ^^^^^^^^^^^^^

warning: unused imports: `Deserialize` and `S
erialize`
 --> src\doctor\mod.rs:1:13
  |
1 | use serde::{Serialize, Deserialize};
  |             ^^^^^^^^^  ^^^^^^^^^^^

warning: unused import: `Path`
 --> src\doctor\diagnosis.rs:1:17
  |
1 | use std::path::{Path, PathBuf};
  |                 ^^^^

warning: unused import: `PolicyContext as _PC
`
 --> src\policy\engine.rs:1:59
  |
1 | ...ision, PolicyContext as _PC}; // Al...
  |           ^^^^^^^^^^^^^^^^^^^^

warning: unused import: `DiagnosticStrategy`
 --> src\doctor\diagnosis.rs:9:47
  |
9 | ...rategy, DiagnosticStrategy};
  |            ^^^^^^^^^^^^^^^^^^

warning: unused variable: `d_over_16`
  --> src\kernels\attention\cuda_emitter.rs:4
5:13
   |
45 |         let d_over_16 = d / 16;
   |             ^^^^^^^^^ help: if this is i
ntentional, prefix it with an underscore: `_d
_over_16`
   |
   = note: `#[warn(unused_variables)]` (part 
of `#[warn(unused)]`) on by default

warning: unused variable: `cfg`
  --> src\kernels\attention\rocm_adapter.rs:7
2:25
   |
72 | ...hmark(&self, cfg: &Self::Config) -...
   |                 ^^^ help: if this is int
entional, prefix it with an underscore: `_cfg
`

warning: unused variable: `bytes`
  --> src\kernels\attention\metal_adapter.rs:
29:13
   |
29 |         let bytes = problem.b * probl...
   |             ^^^^^ help: if this is inten
tional, prefix it with an underscore: `_bytes
`

warning: unused variable: `a_ptr`
   --> src\kernels\gemm\cuda_gemm.rs:121:13
    |
121 |         let a_ptr = self.runtime.get...
    |             ^^^^^ help: if this is inte
ntional, prefix it with an underscore: `_a_pt
r`

warning: unused variable: `b_ptr`
   --> src\kernels\gemm\cuda_gemm.rs:122:13
    |
122 |         let b_ptr = self.runtime.get...
    |             ^^^^^ help: if this is inte
ntional, prefix it with an underscore: `_b_pt
r`

warning: unused variable: `c_ptr`
   --> src\kernels\gemm\cuda_gemm.rs:123:13
    |
123 |         let c_ptr = self.runtime.get...
    |             ^^^^^ help: if this is inte
ntional, prefix it with an underscore: `_c_pt
r`

warning: unused variable: `block_threads`
   --> src\kernels\gemm\metal_gemm.rs:121:13
    |
121 |         let block_threads = 128;
    |             ^^^^^^^^^^^^^ help: if this
 is intentional, prefix it with an underscore
: `_block_threads`

warning: variable does not need to be mutable
  --> src\kernels\gemm\cpu_adapter.rs:63:21
   |
63 | ...et mut cfg = CpuGemmConfig {
   |       ----^^^
   |       |
   |       help: remove this `mut`
   |
   = note: `#[warn(unused_mut)]` (part of `#[
warn(unused)]`) on by default

warning: unused variable: `row`
  --> src\semantic\mapping.rs:20:28
   |
20 | ..._addr(&self, row: u32, col: u32) -...
   |                 ^^^ help: if this is int
entional, prefix it with an underscore: `_row
`

warning: unused variable: `col`
  --> src\semantic\mapping.rs:20:38
   |
20 | ...f, row: u32, col: u32) -> String {
   |                 ^^^ help: if this is int
entional, prefix it with an underscore: `_col
`

warning: unused variable: `m`
   --> src\emitter\cuda.rs:374:41
    |
374 | ...MatrixCore { m, n, k } => {
    |                 ^ help: try ignoring th
e field: `m: _`

warning: unused variable: `n`
   --> src\emitter\cuda.rs:374:44
    |
374 | ...rixCore { m, n, k } => {
    |                 ^ help: try ignoring th
e field: `n: _`

warning: unused variable: `k`
   --> src\emitter\cuda.rs:374:47
    |
374 | ...Core { m, n, k } => {
    |                 ^ help: try ignoring th
e field: `k: _`

warning: unused variable: `k_out`
  --> src\emitter\metal.rs:98:76
   |
98 | ...: c_in, k: k_out, r, s, stride, pa...
   |               ^^^^^ help: if this is int
entional, prefix it with an underscore: `_k_o
ut`

warning: unused variable: `k_gemm`
   --> src\emitter\metal.rs:103:13
    |
103 |         let k_gemm = c_in * r * s;
    |             ^^^^^^ help: if this is int
entional, prefix it with an underscore: `_k_g
emm`

warning: unused variable: `n`
 --> src\emitter\elementwise.rs:5:19
  |
5 | ...et (op_type, n) = match &ir.op_type {
  |                 ^ help: if this is intent
ional, prefix it with an underscore: `_n`

warning: unused variable: `n_gemm`
  --> src\emitter\conv.rs:25:13
   |
25 |         let n_gemm = k_out;
   |             ^^^^^^ help: if this is inte
ntional, prefix it with an underscore: `_n_ge
mm`

warning: unused variable: `hw_magic`
  --> src\emitter\conv.rs:45:14
   |
45 |         let (hw_magic, hw_shift) = ma...
   |              ^^^^^^^^ help: if this is i
ntentional, prefix it with an underscore: `_h
w_magic`

warning: unused variable: `hw_shift`
  --> src\emitter\conv.rs:45:24
   |
45 | ...(hw_magic, hw_shift) = magic_u32((...
   |               ^^^^^^^^ help: if this is 
intentional, prefix it with an underscore: `_
hw_shift`

warning: unused variable: `w_magic`
  --> src\emitter\conv.rs:46:14
   |
46 |         let (w_magic, w_shift) = magi...
   |              ^^^^^^^ help: if this is in
tentional, prefix it with an underscore: `_w_
magic`

warning: unused variable: `w_shift`
  --> src\emitter\conv.rs:46:23
   |
46 | ... (w_magic, w_shift) = magic_u32(w_...
   |               ^^^^^^^ help: if this is i
ntentional, prefix it with an underscore: `_w
_shift`

warning: unused variable: `sic_magic`
  --> src\emitter\conv.rs:47:14
   |
47 | ...    let (sic_magic, sic_shift) = m...
   |             ^^^^^^^^^ help: if this is i
ntentional, prefix it with an underscore: `_s
ic_magic`

warning: unused variable: `sic_shift`
  --> src\emitter\conv.rs:47:25
   |
47 | ...c_magic, sic_shift) = magic_u32((s...
   |             ^^^^^^^^^ help: if this is i
ntentional, prefix it with an underscore: `_s
ic_shift`

warning: unused variable: `c_magic`
  --> src\emitter\conv.rs:48:14
   |
48 |         let (c_magic, c_shift) = magi...
   |              ^^^^^^^ help: if this is in
tentional, prefix it with an underscore: `_c_
magic`

warning: unused variable: `c_shift`
  --> src\emitter\conv.rs:48:23
   |
48 | ... (c_magic, c_shift) = magic_u32(c_...
   |               ^^^^^^^ help: if this is i
ntentional, prefix it with an underscore: `_c
_shift`

warning: unused variable: `use_ampere`
  --> src\emitter\conv.rs:54:13
   |
54 |         let use_ampere = (c_in % 8 ==...
   |             ^^^^^^^^^^ help: if this is 
intentional, prefix it with an underscore: `_
use_ampere`

warning: unused variable: `m`
 --> src\emitter\gemm.rs:5:34
  |
5 | ...Type::Gemm { m, n, k } = ir.op_type {
  |                 ^ help: try ignoring the 
field: `m: _`

warning: unused variable: `n`
 --> src\emitter\gemm.rs:5:37
  |
5 | ...e::Gemm { m, n, k } = ir.op_type {
  |                 ^ help: try ignoring the 
field: `n: _`

warning: unused variable: `k`
 --> src\emitter\gemm.rs:5:40
  |
5 | ...Gemm { m, n, k } = ir.op_type {
  |                 ^ help: try ignoring the 
field: `k: _`

warning: unused variable: `b`
 --> src\emitter\attention.rs:5:44
  |
5 | ...dAttention { b, s, d, h, dh, causal...
  |                 ^ help: try ignoring the 
field: `b: _`

warning: unused variable: `s`
 --> src\emitter\attention.rs:5:47
  |
5 | ...tention { b, s, d, h, dh, causal } ...
  |                 ^ help: try ignoring the 
field: `s: _`

warning: unused variable: `d`
 --> src\emitter\attention.rs:5:50
  |
5 | ...tion { b, s, d, h, dh, causal } = i...
  |                 ^ help: try ignoring the 
field: `d: _`

warning: unused variable: `h`
 --> src\emitter\attention.rs:5:53
  |
5 | ...n { b, s, d, h, dh, causal } = ir.o...
  |                 ^ help: try ignoring the 
field: `h: _`

warning: unused variable: `dh`
 --> src\emitter\attention.rs:5:56
  |
5 | ... b, s, d, h, dh, causal } = ir.op_t...
  |                 ^^ help: try ignoring the
 field: `dh: _`

warning: unused variable: `causal`
 --> src\emitter\attention.rs:5:60
  |
5 | ... d, h, dh, causal } = ir.op_type {
  |               ^^^^^^ help: try ignoring t
he field: `causal: _`

warning: unused variable: `pref_backend`
   --> src\runtime\manager.rs:213:17
    |
213 | ... fn init(pref_backend: Option<Dev...
    |             ^^^^^^^^^^^^ help: if this 
is intentional, prefix it with an underscore:
 `_pref_backend`

warning: variable does not need to be mutable
   --> src\runtime\manager.rs:338:21
    |
338 | ...     let mut opts = CompileOptions {
    |             ----^^^^
    |             |
    |             help: remove this `mut`

warning: unused variable: `res_attr`
   --> src\runtime\manager.rs:407:25
    |
407 | ...     let res_attr = lib.cuFuncSet...
    |             ^^^^^^^^ help: if this is i
ntentional, prefix it with an underscore: `_r
es_attr`

warning: unreachable pattern
   --> src\runtime\manager.rs:577:13
    |
577 | ...   _ => return Err("Unsupported b...
    |       ^ no value can reach this
    |
note: multiple earlier patterns match some of
 the same values
   --> src\runtime\manager.rs:577:13
    |
497 | ...   KernelHandle::Cuda { func, .. } =
> {
    |       ------------------------------- m
atches some of the same values
...
534 | ...   KernelHandle::Rocm { func, .. } =
> {
    |       ------------------------------- m
atches some of the same values
...
577 | ...   _ => return Err("Unsupported back
e...
    |       ^ collectively making this unreac
hable
    = note: `#[warn(unreachable_patterns)]` (
part of `#[warn(unused)]`) on by default

warning: unused variable: `nt`
   --> src\optimizer\benchmark.rs:911:13
    |
911 |         let nt = config.n_tile as us...
    |             ^^ help: if this is intenti
onal, prefix it with an underscore: `_nt`

warning: unreachable pattern
   --> src\optimizer\policy.rs:175:13
    |
175 |             _ => {}
    |             ^ no value can reach this
    |
note: multiple earlier patterns match some of
 the same values
   --> src\optimizer\policy.rs:175:13
    |
138 |             Layout::NHWC => {
    |             ------------ matches some o
f the same values
...
163 |             Layout::NCHW => {
    |             ------------ matches some o
f the same values
...
175 |             _ => {}
    |             ^ collectively making this 
unreachable

warning: unused variable: `ctx`
   --> src\optimizer\policy.rs:207:29
    |
207 | ...lan(&self, ctx: &TuningContext) -...
    |               ^^^ help: if this is inte
ntional, prefix it with an underscore: `_ctx`

warning: unused variable: `ctx`
   --> src\optimizer\policy.rs:293:29
    |
293 | ...lan(&self, ctx: &TuningContext) -...
    |               ^^^ help: if this is inte
ntional, prefix it with an underscore: `_ctx`

warning: unused variable: `ctx`
   --> src\optimizer\policy.rs:406:29
    |
406 | ...lan(&self, ctx: &TuningContext) -...
    |               ^^^ help: if this is inte
ntional, prefix it with an underscore: `_ctx`

warning: unused variable: `graph`
  --> src\optimizer\semantic.rs:12:26
   |
12 | ...des(&self, graph: &mut Graph) {
   |               ^^^^^ help: if this is int
entional, prefix it with an underscore: `_gra
ph`

warning: unused variable: `n`
  --> src\optimizer\semantic.rs:24:43
   |
24 | ...ome(m), Some(n), Some(k)) = (gemm....
   |                 ^ help: if this is inten
tional, prefix it with an underscore: `_n`

warning: unused variable: `k`
  --> src\optimizer\semantic.rs:24:52
   |
24 | ...ome(n), Some(k)) = (gemm.m.as_stat...
   |                 ^ help: if this is inten
tional, prefix it with an underscore: `_k`

warning: unused variable: `init`
   --> src\optimizer\mod.rs:605:18
    |
605 | ...       let init = PipelineConfig:...
    |               ^^^^ help: if this is int
entional, prefix it with an underscore: `_ini
t`

warning: unused variable: `mse`
  --> src\doctor\visualizer.rs:63:40
   |
63 | ...f, mae: f32, mse: f32) -> String {
   |                 ^^^ help: if this is int
entional, prefix it with an underscore: `_mse
`

warning: unused variable: `op`
  --> src\policy\standard.rs:14:57
   |
14 | ...viceProfile, op: &OperatorTopology...
   |                 ^^ help: if this is inte
ntional, prefix it with an underscore: `_op`

warning: unused variable: `op`
  --> src\policy\standard.rs:51:39
   |
51 | ...ttern(&self, op: &OperatorTopology...
   |                 ^^ help: if this is inte
ntional, prefix it with an underscore: `_op`

warning: fields `q_buf`, `k_buf`, `v_buf`, an
d `o_buf` are never read
  --> src\kernels\attention\rocm_adapter.rs:2
1:5
   |
17 | pub struct RocmFa2Adapter {
   |            -------------- fields in this
 struct
...
21 |     q_buf: crate::runtime::manager::B...
   |     ^^^^^
22 |     k_buf: crate::runtime::manager::B...
   |     ^^^^^
23 |     v_buf: crate::runtime::manager::B...
   |     ^^^^^
24 |     o_buf: crate::runtime::manager::B...
   |     ^^^^^
   |
   = note: `#[warn(dead_code)]` (part of `#[w
arn(unused)]`) on by default

warning: fields `q_buf`, `k_buf`, `v_buf`, an
d `o_buf` are never read
  --> src\kernels\attention\metal_adapter.rs:
21:5
   |
17 | pub struct MetalFa2Adapter {
   |            --------------- fields in thi
s struct
...
21 |     q_buf: crate::runtime::manager::B...
   |     ^^^^^
22 |     k_buf: crate::runtime::manager::B...
   |     ^^^^^
23 |     v_buf: crate::runtime::manager::B...
   |     ^^^^^
24 |     o_buf: crate::runtime::manager::B...
   |     ^^^^^

warning: enum `SwizzleMode` is never used
 --> src\semantic\swizzle.rs:4:10
  |
4 | pub enum SwizzleMode {
  |          ^^^^^^^^^^^

warning: struct `BankConflictSimulator` is ne
ver constructed
  --> src\semantic\swizzle.rs:11:12
   |
11 | pub struct BankConflictSimulator {
   |            ^^^^^^^^^^^^^^^^^^^^^

warning: associated items `new` and `has_conf
licts` are never used
  --> src\semantic\swizzle.rs:17:12
   |
16 | impl BankConflictSimulator {
   | -------------------------- associated it
ems in this implementation
17 |     pub fn new(num_banks: u32, bank_w...
   |            ^^^
...
22 |     pub fn has_conflicts(&self, threa...
   |            ^^^^^^^^^^^^^

warning: struct `OptimizedTileConfig` is neve
r constructed
 --> src\optimized\config.rs:2:12
  |
2 | pub struct OptimizedTileConfig;
  |            ^^^^^^^^^^^^^^^^^^^

warning: method `backend_copy` is never used
   --> src\runtime\manager.rs:987:8
    |
986 | impl RecordedKernel {
    | ------------------- method in this impl
ementation
987 |     fn backend_copy(&self) -> Self {
    |        ^^^^^^^^^^^^

warning: field `problem` is never read
   --> src\optimizer\policy.rs:419:5
    |
418 | pub struct CpuGemmPolicy {
    |            ------------- field in this 
struct
419 |     problem: ProblemDescriptor,
    |     ^^^^^^^

warning: field `runtime` is never read
  --> src\optimizer\orchestrator.rs:10:5
   |
 9 | pub struct CrossBackendTuner {
   |            ----------------- field in th
is struct
10 |     runtime: Arc<RuntimeManager>,
   |     ^^^^^^^

warning: variable `sQ_bytes` should have a sn
ake case name
  --> src\kernels\attention\cuda_emitter.rs:2
2:13
   |
22 |         let sQ_bytes = (mt as usize) ...
   |             ^^^^^^^^ help: convert the i
dentifier to snake case: `s_q_bytes`
   |
   = note: `#[warn(non_snake_case)]` (part of
 `#[warn(nonstandard_style)]`) on by default

warning: variable `sK_bytes` should have a sn
ake case name
  --> src\kernels\attention\cuda_emitter.rs:2
6:13
   |
26 |         let sK_bytes = (stages as usi...
   |             ^^^^^^^^ help: convert the i
dentifier to snake case: `s_k_bytes`

warning: variable `sV_bytes` should have a sn
ake case name
  --> src\kernels\attention\cuda_emitter.rs:3
0:13
   |
30 |         let sV_bytes = (v_offset + (s...
   |             ^^^^^^^^ help: convert the i
dentifier to snake case: `s_v_bytes`

warning: variable `sO_float_bytes` should hav
e a snake case name
  --> src\kernels\attention\cuda_emitter.rs:3
4:13
   |
34 | ...   let sO_float_bytes = (mt as usi...
   |           ^^^^^^^^^^^^^^ help: convert t
he identifier to snake case: `s_o_float_bytes
`

warning: structure field `hipGetDeviceCount` 
should have a snake case name
  --> src\emitter\rocm_driver.rs:32:9
   |
32 |     pub hipGetDeviceCount: Symbol<'st...
   |         ^^^^^^^^^^^^^^^^^ help: convert 
the identifier to snake case: `hip_get_device
_count`

warning: structure field `hipDeviceGetAttribu
te` should have a snake case name
  --> src\emitter\rocm_driver.rs:33:9
   |
33 |     pub hipDeviceGetAttribute: Symbol...
   |         ^^^^^^^^^^^^^^^^^^^^^ help: conv
ert the identifier to snake case: `hip_device
_get_attribute`

warning: structure field `hipGetDevicePropert
ies` should have a snake case name
  --> src\emitter\rocm_driver.rs:34:9
   |
34 |     pub hipGetDeviceProperties: Symbo...
   |         ^^^^^^^^^^^^^^^^^^^^^^ help: con
vert the identifier to snake case: `hip_get_d
evice_properties`

warning: structure field `hipMalloc` should h
ave a snake case name
  --> src\emitter\rocm_driver.rs:35:9
   |
35 |     pub hipMalloc: Symbol<'static, Hi...
   |         ^^^^^^^^^ help: convert the iden
tifier to snake case: `hip_malloc`

warning: structure field `hipFree` should hav
e a snake case name
  --> src\emitter\rocm_driver.rs:36:9
   |
36 |     pub hipFree: Symbol<'static, HipF...
   |         ^^^^^^^ help: convert the identi
fier to snake case: `hip_free`

warning: structure field `hipMemcpyHtoD` shou
ld have a snake case name
  --> src\emitter\rocm_driver.rs:37:9
   |
37 |     pub hipMemcpyHtoD: Symbol<'static...
   |         ^^^^^^^^^^^^^ help: convert the 
identifier to snake case: `hip_memcpy_hto_d`

warning: structure field `hipMemcpyDtoD` shou
ld have a snake case name
  --> src\emitter\rocm_driver.rs:38:9
   |
38 |     pub hipMemcpyDtoD: Symbol<'static...
   |         ^^^^^^^^^^^^^ help: convert the 
identifier to snake case: `hip_memcpy_dto_d`

warning: structure field `hipModuleLoadData` 
should have a snake case name
  --> src\emitter\rocm_driver.rs:39:9
   |
39 |     pub hipModuleLoadData: Symbol<'st...
   |         ^^^^^^^^^^^^^^^^^ help: convert 
the identifier to snake case: `hip_module_loa
d_data`

warning: structure field `hipModuleGetFunctio
n` should have a snake case name
  --> src\emitter\rocm_driver.rs:40:9
   |
40 |     pub hipModuleGetFunction: Symbol<...
   |         ^^^^^^^^^^^^^^^^^^^^ help: conve
rt the identifier to snake case: `hip_module_
get_function`

warning: structure field `hipModuleLaunchKern
el` should have a snake case name
  --> src\emitter\rocm_driver.rs:41:9
   |
41 |     pub hipModuleLaunchKernel: Symbol...
   |         ^^^^^^^^^^^^^^^^^^^^^ help: conv
ert the identifier to snake case: `hip_module
_launch_kernel`

warning: structure field `hipDeviceSynchroniz
e` should have a snake case name
  --> src\emitter\rocm_driver.rs:42:9
   |
42 |     pub hipDeviceSynchronize: Symbol<...
   |         ^^^^^^^^^^^^^^^^^^^^ help: conve
rt the identifier to snake case: `hip_device_
synchronize`

warning: structure field `hipModuleUnload` sh
ould have a snake case name
  --> src\emitter\rocm_driver.rs:43:9
   |
43 |     pub hipModuleUnload: Symbol<'stat...
   |         ^^^^^^^^^^^^^^^ help: convert th
e identifier to snake case: `hip_module_unloa
d`

warning: creating a shared reference to mutab
le static
  --> src\emitter\rocm_driver.rs:51:16
   |
51 | ...if ROCM_DRIVER_API.is_some() {
   |       ^^^^^^^^^^^^^^^^^^^^^^^^^ shared r
eference to mutable static
   |
   = note: for more information, see <https:/
/doc.rust-lang.org/edition-guide/rust-2024/st
atic-mut-references.html>
   = note: shared references to mutable stati
cs are dangerous; it's undefined behavior if 
the static is mutated or if a mutable referen
ce is created for it while the shared referen
ce lives
   = note: `#[warn(static_mut_refs)]` (part o
f `#[warn(rust_2024_compatibility)]`) on by d
efault

warning: creating a shared reference to mutab
le static
  --> src\emitter\rocm_driver.rs:52:24
   |
52 | ...rn ROCM_DRIVER_API.as_ref();
   |       ^^^^^^^^^^^^^^^^^^^^^^^^ shared re
ference to mutable static
   |
   = note: for more information, see <https:/
/doc.rust-lang.org/edition-guide/rust-2024/st
atic-mut-references.html>
   = note: shared references to mutable stati
cs are dangerous; it's undefined behavior if 
the static is mutated or if a mutable referen
ce is created for it while the shared referen
ce lives

warning: creating a shared reference to mutab
le static
  --> src\emitter\rocm_driver.rs:89:28
   |
89 | ...rn ROCM_DRIVER_API.as_ref();
   |       ^^^^^^^^^^^^^^^^^^^^^^^^ shared re
ference to mutable static
   |
   = note: for more information, see <https:/
/doc.rust-lang.org/edition-guide/rust-2024/st
atic-mut-references.html>
   = note: shared references to mutable stati
cs are dangerous; it's undefined behavior if 
the static is mutated or if a mutable referen
ce is created for it while the shared referen
ce lives

warning: structure field `hiprtcCreateProgram
` should have a snake case name
  --> src\emitter\rocm_jit.rs:19:9
   |
19 |     pub hiprtcCreateProgram: Symbol<'...
   |         ^^^^^^^^^^^^^^^^^^^ help: conver
t the identifier to snake case: `hiprtc_creat
e_program`

warning: structure field `hiprtcCompileProgra
m` should have a snake case name
  --> src\emitter\rocm_jit.rs:20:9
   |
20 |     pub hiprtcCompileProgram: Symbol<...
   |         ^^^^^^^^^^^^^^^^^^^^ help: conve
rt the identifier to snake case: `hiprtc_comp
ile_program`

warning: structure field `hiprtcGetCodeSize` 
should have a snake case name
  --> src\emitter\rocm_jit.rs:21:9
   |
21 |     pub hiprtcGetCodeSize: Symbol<'st...
   |         ^^^^^^^^^^^^^^^^^ help: convert 
the identifier to snake case: `hiprtc_get_cod
e_size`

warning: structure field `hiprtcGetCode` shou
ld have a snake case name
  --> src\emitter\rocm_jit.rs:22:9
   |
22 |     pub hiprtcGetCode: Symbol<'static...
   |         ^^^^^^^^^^^^^ help: convert the 
identifier to snake case: `hiprtc_get_code`

warning: structure field `hiprtcDestroyProgra
m` should have a snake case name
  --> src\emitter\rocm_jit.rs:23:9
   |
23 |     pub hiprtcDestroyProgram: Symbol<...
   |         ^^^^^^^^^^^^^^^^^^^^ help: conve
rt the identifier to snake case: `hiprtc_dest
roy_program`

warning: creating a shared reference to mutab
le static
  --> src\emitter\rocm_jit.rs:31:16
   |
31 |             if ROCM_JIT_API.is_some() {
   |                ^^^^^^^^^^^^^^^^^^^^^^ sh
ared reference to mutable static
   |
   = note: for more information, see <https:/
/doc.rust-lang.org/edition-guide/rust-2024/st
atic-mut-references.html>
   = note: shared references to mutable stati
cs are dangerous; it's undefined behavior if 
the static is mutated or if a mutable referen
ce is created for it while the shared referen
ce lives

warning: creating a shared reference to mutab
le static
  --> src\emitter\rocm_jit.rs:32:24
   |
32 | ...turn ROCM_JIT_API.as_ref();
   |         ^^^^^^^^^^^^^^^^^^^^^ shared ref
erence to mutable static
   |
   = note: for more information, see <https:/
/doc.rust-lang.org/edition-guide/rust-2024/st
atic-mut-references.html>
   = note: shared references to mutable stati
cs are dangerous; it's undefined behavior if 
the static is mutated or if a mutable referen
ce is created for it while the shared referen
ce lives

warning: creating a shared reference to mutab
le static
  --> src\emitter\rocm_jit.rs:54:28
   |
54 | ...turn ROCM_JIT_API.as_ref();
   |         ^^^^^^^^^^^^^^^^^^^^^ shared ref
erence to mutable static
   |
   = note: for more information, see <https:/
/doc.rust-lang.org/edition-guide/rust-2024/st
atic-mut-references.html>
   = note: shared references to mutable stati
cs are dangerous; it's undefined behavior if 
the static is mutated or if a mutable referen
ce is created for it while the shared referen
ce lives

warning: creating a shared reference to mutab
le static
  --> src\emitter\driver.rs:68:15
   |
68 |         match &DRIVER_API {
   |               ^^^^^^^^^^^ shared referen
ce to mutable static
   |
   = note: for more information, see <https:/
/doc.rust-lang.org/edition-guide/rust-2024/st
atic-mut-references.html>
   = note: shared references to mutable stati
cs are dangerous; it's undefined behavior if 
the static is mutated or if a mutable referen
ce is created for it while the shared referen
ce lives
help: use `&raw const` instead to create a ra
w pointer
   |
68 |         match &raw const DRIVER_API {
   |                +++++++++

warning: `tracea` (lib) generated 114 warning
s (run `cargo fix --lib -p tracea` to apply 7
4 suggestions)
warning: unused import: `HardwareProfile`
 --> src\bin\tuner.rs:6:54
  |
6 | ...tionGoal, HardwareProfile};
  |              ^^^^^^^^^^^^^^^
  |
  = note: `#[warn(unused_imports)]` (part of 
`#[warn(unused)]`) on by default

warning: unused variable: `best_config`
  --> src\bin\tuner.rs:59:9
   |
59 |     let best_config = tuner.optimize(
   |         ^^^^^^^^^^^ help: if this is int
entional, prefix it with an underscore: `_bes
t_config`
   |
   = note: `#[warn(unused_variables)]` (part 
of `#[warn(unused)]`) on by default

warning: `tracea` (bin "tuner") generated 2 w
arnings (run `cargo fix --bin "tuner" -p trac
ea` to apply 2 suggestions)
    Finished `test` profile [unoptimized + de
buginfo] target(s) in 0.20s
     Running tests\policy_tests.rs (target\de
bug\deps\policy_tests-06b02baa84b2ca25.exe)

running 2 tests
test test_policy_metal_defaults ... ok
test test_policy_cuda_defaults ... ok

test result: ok. 2 passed; 0 failed; 0 ignored; 0 measured; 0 filtered out; finished in 0.00s

