cargo :     Checking tracea v0.1.0 (E:\Projects\Tracea)
発生場所 行:1 文字:1
+ cargo check --message-format=short > build_errors.txt
 2>&1
+ ~~~~~~~~~~~~~~~~~~~~~~~~~~~~~~~~~~~~~~~~~~~~~~~~~~~~~
~~~~~
    + CategoryInfo          : NotSpecified: (    Check 
   ing tr...rojects\Tracea):String) [], RemoteExcepti  
  on
    + FullyQualifiedErrorId : NativeCommandError
 
src\interface\python.rs:6:12: warning: unused imports: 
`PyRefMut` and `PyRef`
src\semantic\mapping.rs:1:5: warning: unused import: `s
td::collections::HashSet`
src\interface\python.rs:112:33: error[E0308]: mismatche
d types: expected `Ptx`, found `Vec<u8>`
src\emitter\jit.rs:14:15: error[E0061]: this function t
akes 1 argument but 3 arguments were supplied
src\emitter\jit.rs:15:31: error[E0609]: no field `image
` on type `Ptx`: unknown field
src\interface\python.rs:135:22: warning: unused variabl
e: `slf`: help: if this is intentional, prefix it with 
an underscore: `_slf`
src\interface\python.rs:247:5: warning: unused variable
: `m`: help: if this is intentional, prefix it with an 
underscore: `_m`
src\interface\python.rs:247:13: warning: unused variabl
e: `n`: help: if this is intentional, prefix it with an
 underscore: `_n`
src\interface\python.rs:247:21: warning: unused variabl
e: `k`: help: if this is intentional, prefix it with an
 underscore: `_k`
src\interface\python.rs:248:5: warning: unused variable
: `epilogue`: help: if this is intentional, prefix it w
ith an underscore: `_epilogue`
src\interface\python.rs:249:5: warning: unused variable
: `device`: help: if this is intentional, prefix it wit
h an underscore: `_device`
src\interface\python.rs:262:5: warning: unused variable
: `m`: help: if this is intentional, prefix it with an 
underscore: `_m`
src\interface\python.rs:262:13: warning: unused variabl
e: `n`: help: if this is intentional, prefix it with an
 underscore: `_n`
src\interface\python.rs:262:21: warning: unused variabl
e: `k`: help: if this is intentional, prefix it with an
 underscore: `_k`
src\interface\python.rs:263:5: warning: unused variable
: `device`: help: if this is intentional, prefix it wit
h an underscore: `_device`
src\interface\cpp.rs:12:9: warning: unused variable: `d
evice`: help: if this is intentional, prefix it with an
 underscore: `_device`
src\semantic\mapping.rs:20:28: warning: unused variable
: `row`: help: if this is intentional, prefix it with a
n underscore: `_row`
src\semantic\mapping.rs:20:38: warning: unused variable
: `col`: help: if this is intentional, prefix it with a
n underscore: `_col`
warning: `tracea` (lib) generated 15 warnings
error: could not compile `tracea` (lib) due to 3 previo
us errors; 15 warnings emitted
